Project Information                     d:\_project max pluss\compressor12.rpt

MAX+plus II Compiler Report File
Version 10.2 07/10/2002
Compiled: 01/24/2023 11:00:16

Copyright (C) 1988-2002 Altera Corporation
Any megafunction design, and related net list (encrypted or decrypted),
support information, device programming or simulation file, and any other
associated documentation or information provided by Altera or a partner
under Altera's Megafunction Partnership Program may be used only to
program PLD devices (but not masked PLD devices) from Altera.  Any other
use of such megafunction design, net list, support information, device
programming or simulation file, or any other related documentation or
information is prohibited for any other purpose, including, but not
limited to modification, reverse engineering, de-compiling, or use with
any other silicon devices, unless such use is explicitly licensed under
a separate agreement with Altera or a megafunction partner.  Title to
the intellectual property, including patents, copyrights, trademarks,
trade secrets, or maskworks, embodied in any such megafunction design,
net list, support information, device programming or simulation file, or
any other related documentation or information provided by Altera or a
megafunction partner, remains with Altera, the megafunction partner, or
their respective licensors.  No other licenses, including any licenses
needed under any third party's intellectual property, are provided herein.



***** Project compilation was successful




** DEVICE SUMMARY **

Chip/                     Input Output Bidir  Memory  Memory  			 LCs
POF       Device          Pins  Pins   Pins   Bits % Utilized  LCs  % Utilized

compressor12
      EP1K10TC100-1        12     12     0    0         0  %    12       2  %

User Pins:                 12     12     0  



Device-Specific Information:            d:\_project max pluss\compressor12.rpt
compressor12

***** Logic for device 'compressor12' compiled without errors.




Device: EP1K10TC100-1

ACEX 1K Configuration Scheme: Passive Serial

Device Options:
    User-Supplied Start-Up Clock               = OFF
    Auto-Restart Configuration on Frame Error  = OFF
    Release Clears Before Tri-States           = OFF
    Enable Chip_Wide Reset                     = OFF
    Enable Chip-Wide Output Enable             = OFF
    Enable INIT_DONE Output                    = OFF
    JTAG User Code                             = 7f
    MultiVolt I/O                              = OFF
    Enable Lock Output                         = OFF

                                                                   
                                                                   
                  R R R R   R R           R R R R   R R R R R R    
                  E E E E   E E           E E E E   E E E E E E    
                  S S S S   S S V         S S S S   S S S S S S ^  
                  E E E E   E E C         E E E E V E E E E E E D  
                # R R R R   R R C         R R R R C R R R R R R A  
                T V V V V G V V I       G V V V V C V V V V V V T  
                C E E E E N E E N i i i N E E E E I E E E E E E A  
                K D D D D D D D T 3 5 2 D D D D D O D D D D D D 0  
              ----------------------------------------------------_ 
             / 100  98  96  94  92  90  88  86  84  82  80  78  76   |_ 
            /     99  97  95  93  91  89  87  85  83  81  79  77    | 
^CONF_DONE |  1                                                    75 | ^DCLK 
     ^nCEO |  2                                                    74 | ^nCE 
      #TDO |  3                                                    73 | #TDI 
     VCCIO |  4                                                    72 | VCCINT 
      out3 |  5                                                    71 | RESERVED 
  RESERVED |  6                                                    70 | RESERVED 
      out9 |  7                                                    69 | i9 
  RESERVED |  8                                                    68 | out5 
      out0 |  9                                                    67 | VCCIO 
  RESERVED | 10                                                    66 | GND 
       GND | 11                                                    65 | out1 
    VCCINT | 12                                                    64 | RESERVED 
       i10 | 13                   EP1K10TC100-1                    63 | RESERVED 
      out4 | 14                                                    62 | RESERVED 
  RESERVED | 15                                                    61 | out10 
  RESERVED | 16                                                    60 | VCCINT 
     VCCIO | 17                                                    59 | GND 
       GND | 18                                                    58 | out2 
     out11 | 19                                                    57 | out7 
      out8 | 20                                                    56 | i11 
        i7 | 21                                                    55 | i6 
        i8 | 22                                                    54 | ^MSEL0 
      out6 | 23                                                    53 | ^MSEL1 
      #TMS | 24                                                    52 | VCCINT 
  ^nSTATUS | 25                                                    51 | ^nCONFIG 
           |      27  29  31  33  35  37  39  41  43  45  47  49  _| 
            \   26  28  30  32  34  36  38  40  42  44  46  48  50   | 
             \----------------------------------------------------- 
                R R R R R R R R R V G V i i i G G R V R R R R R R  
                E E E E E E E E E C N C 0 4 1 N N E C E E E E E E  
                S S S S S S S S S C D C       D D S C S S S S S S  
                E E E E E E E E E I   _       _   E I E E E E E E  
                R R R R R R R R R N   C       C   R O R R R R R R  
                V V V V V V V V V T   K       K   V   V V V V V V  
                E E E E E E E E E     L       L   E   E E E E E E  
                D D D D D D D D D     K       K   D   D D D D D D  
                                                                   
                                                                   


N.C. = No Connect. This pin has no internal connection to the device.
VCCINT = Dedicated power pin, which MUST be connected to VCC (2.5 volts).
VCCIO = Dedicated power pin, which MUST be connected to VCC (2.5 volts).
GND = Dedicated ground pin or unused dedicated input, which MUST be connected to GND.
RESERVED = Unused I/O pin, which MUST be left unconnected.

^ = Dedicated configuration pin.
+ = Reserved configuration pin, which is tri-stated during user mode.
* = Reserved configuration pin, which drives out in user mode.
PDn = Power Down pin. 
@ = Special-purpose pin. 
# = JTAG Boundary-Scan Testing/In-System Programming or Configuration Pin. The JTAG inputs TMS and TDI should be tied to VCC and TCK should be tied to GND when not in use.
& = JTAG pin used for I/O. When used as user I/O, JTAG pins must be kept stable before and during configuration.  JTAG pin stability prevents accidental loading of JTAG instructions.
$ = Pin has PCI I/O option enabled. Pin is neither '5.0 V'- nor '3.3 V'-tolerant. 


Device-Specific Information:            d:\_project max pluss\compressor12.rpt
compressor12

** RESOURCE USAGE **

Logic                Column       Row                                   
Array                Interconnect Interconnect         Clears/     External  
Block   Logic Cells  Driven       Driven       Clocks  Presets   Interconnect
A8       1/ 8( 12%)   0/ 8(  0%)   1/ 8( 12%)    0/2    0/2       1/22(  4%)   
A13      1/ 8( 12%)   0/ 8(  0%)   1/ 8( 12%)    0/2    0/2       1/22(  4%)   
A21      1/ 8( 12%)   0/ 8(  0%)   1/ 8( 12%)    0/2    0/2       1/22(  4%)   
A23      1/ 8( 12%)   0/ 8(  0%)   1/ 8( 12%)    0/2    0/2       1/22(  4%)   
B7       1/ 8( 12%)   0/ 8(  0%)   1/ 8( 12%)    0/2    0/2       1/22(  4%)   
B10      1/ 8( 12%)   0/ 8(  0%)   1/ 8( 12%)    0/2    0/2       1/22(  4%)   
B24      1/ 8( 12%)   0/ 8(  0%)   1/ 8( 12%)    0/2    0/2       1/22(  4%)   
C4       1/ 8( 12%)   0/ 8(  0%)   1/ 8( 12%)    0/2    0/2       1/22(  4%)   
C7       1/ 8( 12%)   0/ 8(  0%)   1/ 8( 12%)    0/2    0/2       1/22(  4%)   
C17      1/ 8( 12%)   0/ 8(  0%)   1/ 8( 12%)    0/2    0/2       1/22(  4%)   
C18      1/ 8( 12%)   0/ 8(  0%)   1/ 8( 12%)    0/2    0/2       1/22(  4%)   
C20      1/ 8( 12%)   0/ 8(  0%)   1/ 8( 12%)    0/2    0/2       1/22(  4%)   


Embedded             Column       Row                                   
Array     Embedded   Interconnect Interconnect         Read/      External  
Block     Cells      Driven       Driven       Clocks  Write    Interconnect


Total dedicated input pins used:                 6/6      (100%)
Total I/O pins used:                            18/60     ( 30%)
Total logic cells used:                         12/576    (  2%)
Total embedded cells used:                       0/48     (  0%)
Total EABs used:                                 0/3      (  0%)
Average fan-in:                                 1.00/4    ( 25%)
Total fan-in:                                  12/2304    (  0%)

Total input pins required:                      12
Total input I/O cell registers required:         0
Total output pins required:                     12
Total output I/O cell registers required:        0
Total buried I/O cell registers required:        0
Total bidirectional pins required:               0
Total reserved pins required                     0
Total logic cells required:                     12
Total flipflops required:                        0
Total packed registers required:                 0
Total logic cells in carry chains:               0
Total number of carry chains:                    0
Total logic cells in cascade chains:             0
Total number of cascade chains:                  0
Total single-pin Clock Enables required:         0
Total single-pin Output Enables required:        0

Synthesized logic cells:                        12/ 576   (  2%)

Logic Cell and Embedded Cell Counts

Column:  01  02  03  04  05  06  07  08  09  10  11  12  EA  13  14  15  16  17  18  19  20  21  22  23  24  Total(LC/EC)
 A:      0   0   0   0   0   0   0   1   0   0   0   0   0   1   0   0   0   0   0   0   0   1   0   1   0      4/0  
 B:      0   0   0   0   0   0   1   0   0   1   0   0   0   0   0   0   0   0   0   0   0   0   0   0   1      3/0  
 C:      0   0   0   1   0   0   1   0   0   0   0   0   0   0   0   0   0   1   1   0   1   0   0   0   0      5/0  

Total:   0   0   0   1   0   0   2   1   0   1   0   0   0   1   0   0   0   1   1   0   1   1   0   1   1     12/0  



Device-Specific Information:            d:\_project max pluss\compressor12.rpt
compressor12

** INPUTS **

                                                    Fan-In    Fan-Out
 Pin     LC     EC   Row  Col  Primitive    Code      INP  FBK  OUT  FBK  Name
  38      -     -    -    --      INPUT             ^    0    0    0    1  i0
  40      -     -    -    --      INPUT             ^    0    0    0    1  i1
  89      -     -    -    --      INPUT             ^    0    0    0    1  i2
  91      -     -    -    --      INPUT             ^    0    0    0    1  i3
  39      -     -    -    --      INPUT             ^    0    0    0    1  i4
  90      -     -    -    --      INPUT             ^    0    0    0    1  i5
  55      -     -    C    --      INPUT             ^    0    0    0    1  i6
  21      -     -    C    --      INPUT             ^    0    0    0    1  i7
  22      -     -    C    --      INPUT             ^    0    0    0    1  i8
  69      -     -    A    --      INPUT             ^    0    0    0    1  i9
  13      -     -    B    --      INPUT             ^    0    0    0    1  i10
  56      -     -    C    --      INPUT             ^    0    0    0    1  i11


Code:

s = Synthesized pin or logic cell
+ = Synchronous flipflop
/ = Slow slew-rate output
! = NOT gate push-back
r = Fitter-inserted logic cell
^ = Increased input delay
* = PCI I/O is enabled
@ = Uses single-pin Clock Enable
& = Uses single-pin Output Enable


Device-Specific Information:            d:\_project max pluss\compressor12.rpt
compressor12

** OUTPUTS **

       Fed By Fed By                                Fan-In    Fan-Out
 Pin     LC     EC   Row  Col  Primitive    Code      INP  FBK  OUT  FBK  Name
   9      -     -    A    --     OUTPUT                 0    1    0    0  out0
  65      -     -    B    --     OUTPUT                 0    1    0    0  out1
  58      -     -    C    --     OUTPUT                 0    1    0    0  out2
   5      -     -    A    --     OUTPUT                 0    1    0    0  out3
  14      -     -    B    --     OUTPUT                 0    1    0    0  out4
  68      -     -    A    --     OUTPUT                 0    1    0    0  out5
  23      -     -    C    --     OUTPUT                 0    1    0    0  out6
  57      -     -    C    --     OUTPUT                 0    1    0    0  out7
  20      -     -    C    --     OUTPUT                 0    1    0    0  out8
   7      -     -    A    --     OUTPUT                 0    1    0    0  out9
  61      -     -    B    --     OUTPUT                 0    1    0    0  out10
  19      -     -    C    --     OUTPUT                 0    1    0    0  out11


Code:

s = Synthesized pin or logic cell
+ = Synchronous flipflop
/ = Slow slew-rate output
! = NOT gate push-back
r = Fitter-inserted logic cell
^ = Increased input delay
* = PCI I/O is enabled
@ = Uses single-pin Clock Enable
& = Uses single-pin Output Enable


Device-Specific Information:            d:\_project max pluss\compressor12.rpt
compressor12

** BURIED LOGIC **

                                                    Fan-In    Fan-Out
 IOC     LC     EC   Row  Col  Primitive    Code      INP  FBK  OUT  FBK  Name
   -      7     -    A    21      LCELL    s           1    0    1    0  out0~1
   -      1     -    B    07      LCELL    s           1    0    1    0  out1~1
   -      1     -    C    04      LCELL    s           1    0    1    0  out2~1
   -      1     -    A    23      LCELL    s           1    0    1    0  out3~1
   -      2     -    B    24      LCELL    s           1    0    1    0  out4~1
   -      7     -    A    08      LCELL    s           1    0    1    0  out5~1
   -      6     -    C    18      LCELL    s           1    0    1    0  out6~1
   -      3     -    C    07      LCELL    s           1    0    1    0  out7~1
   -      2     -    C    17      LCELL    s           1    0    1    0  out8~1
   -      3     -    A    13      LCELL    s           1    0    1    0  out9~1
   -      8     -    B    10      LCELL    s           1    0    1    0  out10~1
   -      1     -    C    20      LCELL    s           1    0    1    0  out11~1


Code:

s = Synthesized pin or logic cell
+ = Synchronous flipflop
/ = Slow slew-rate output
! = NOT gate push-back
r = Fitter-inserted logic cell
^ = Increased input delay
* = PCI I/O is enabled
p = Packed register


Device-Specific Information:            d:\_project max pluss\compressor12.rpt
compressor12

** FASTTRACK INTERCONNECT UTILIZATION **

Row FastTrack Interconnect:

          Global         Left Half-      Right Half-
         FastTrack       FastTrack       FastTrack 
Row     Interconnect    Interconnect    Interconnect    Input Pins     Output Pins     Bidir Pins
A:       2/ 96(  2%)     0/ 48(  0%)     3/ 48(  6%)    1/16(  6%)      4/16( 25%)     0/16(  0%)
B:       1/ 96(  1%)     2/ 48(  4%)     1/ 48(  2%)    1/16(  6%)      3/16( 18%)     0/16(  0%)
C:       5/ 96(  5%)     2/ 48(  4%)     2/ 48(  4%)    4/16( 25%)      5/16( 31%)     0/16(  0%)


Column FastTrack Interconnect:

         FastTrack                                 
Column  Interconnect    Input Pins     Output Pins     Bidir Pins
01:      0/24(  0%)     0/4(  0%)      0/4(  0%)       0/4(  0%)
02:      0/24(  0%)     0/4(  0%)      0/4(  0%)       0/4(  0%)
03:      0/24(  0%)     0/4(  0%)      0/4(  0%)       0/4(  0%)
04:      0/24(  0%)     0/4(  0%)      0/4(  0%)       0/4(  0%)
05:      0/24(  0%)     0/4(  0%)      0/4(  0%)       0/4(  0%)
06:      0/24(  0%)     0/4(  0%)      0/4(  0%)       0/4(  0%)
07:      0/24(  0%)     0/4(  0%)      0/4(  0%)       0/4(  0%)
08:      0/24(  0%)     0/4(  0%)      0/4(  0%)       0/4(  0%)
09:      0/24(  0%)     0/4(  0%)      0/4(  0%)       0/4(  0%)
10:      0/24(  0%)     0/4(  0%)      0/4(  0%)       0/4(  0%)
11:      0/24(  0%)     0/4(  0%)      0/4(  0%)       0/4(  0%)
12:      0/24(  0%)     0/4(  0%)      0/4(  0%)       0/4(  0%)
13:      0/24(  0%)     0/4(  0%)      0/4(  0%)       0/4(  0%)
14:      0/24(  0%)     0/4(  0%)      0/4(  0%)       0/4(  0%)
15:      0/24(  0%)     0/4(  0%)      0/4(  0%)       0/4(  0%)
16:      0/24(  0%)     0/4(  0%)      0/4(  0%)       0/4(  0%)
17:      0/24(  0%)     0/4(  0%)      0/4(  0%)       0/4(  0%)
18:      0/24(  0%)     0/4(  0%)      0/4(  0%)       0/4(  0%)
19:      0/24(  0%)     0/4(  0%)      0/4(  0%)       0/4(  0%)
20:      0/24(  0%)     0/4(  0%)      0/4(  0%)       0/4(  0%)
21:      0/24(  0%)     0/4(  0%)      0/4(  0%)       0/4(  0%)
22:      0/24(  0%)     0/4(  0%)      0/4(  0%)       0/4(  0%)
23:      0/24(  0%)     0/4(  0%)      0/4(  0%)       0/4(  0%)
24:      0/24(  0%)     0/4(  0%)      0/4(  0%)       0/4(  0%)
EA:      0/24(  0%)     0/4(  0%)      0/4(  0%)       0/4(  0%)


Device-Specific Information:            d:\_project max pluss\compressor12.rpt
compressor12

** EQUATIONS **

i0       : INPUT;
i1       : INPUT;
i2       : INPUT;
i3       : INPUT;
i4       : INPUT;
i5       : INPUT;
i6       : INPUT;
i7       : INPUT;
i8       : INPUT;
i9       : INPUT;
i10      : INPUT;
i11      : INPUT;

-- Node name is 'out0~1' 
-- Equation name is 'out0~1', location is LC7_A21, type is buried.
-- synthesized logic cell 
_LC7_A21 = LCELL( i0);

-- Node name is 'out0' 
-- Equation name is 'out0', type is output 
out0     =  _LC7_A21;

-- Node name is 'out1~1' 
-- Equation name is 'out1~1', location is LC1_B7, type is buried.
-- synthesized logic cell 
_LC1_B7  = LCELL( i1);

-- Node name is 'out1' 
-- Equation name is 'out1', type is output 
out1     =  _LC1_B7;

-- Node name is 'out2~1' 
-- Equation name is 'out2~1', location is LC1_C4, type is buried.
-- synthesized logic cell 
_LC1_C4  = LCELL( i2);

-- Node name is 'out2' 
-- Equation name is 'out2', type is output 
out2     =  _LC1_C4;

-- Node name is 'out3~1' 
-- Equation name is 'out3~1', location is LC1_A23, type is buried.
-- synthesized logic cell 
_LC1_A23 = LCELL( i3);

-- Node name is 'out3' 
-- Equation name is 'out3', type is output 
out3     =  _LC1_A23;

-- Node name is 'out4~1' 
-- Equation name is 'out4~1', location is LC2_B24, type is buried.
-- synthesized logic cell 
_LC2_B24 = LCELL( i4);

-- Node name is 'out4' 
-- Equation name is 'out4', type is output 
out4     =  _LC2_B24;

-- Node name is 'out5~1' 
-- Equation name is 'out5~1', location is LC7_A8, type is buried.
-- synthesized logic cell 
_LC7_A8  = LCELL( i5);

-- Node name is 'out5' 
-- Equation name is 'out5', type is output 
out5     =  _LC7_A8;

-- Node name is 'out6~1' 
-- Equation name is 'out6~1', location is LC6_C18, type is buried.
-- synthesized logic cell 
_LC6_C18 = LCELL( i6);

-- Node name is 'out6' 
-- Equation name is 'out6', type is output 
out6     =  _LC6_C18;

-- Node name is 'out7~1' 
-- Equation name is 'out7~1', location is LC3_C7, type is buried.
-- synthesized logic cell 
_LC3_C7  = LCELL( i7);

-- Node name is 'out7' 
-- Equation name is 'out7', type is output 
out7     =  _LC3_C7;

-- Node name is 'out8~1' 
-- Equation name is 'out8~1', location is LC2_C17, type is buried.
-- synthesized logic cell 
_LC2_C17 = LCELL( i8);

-- Node name is 'out8' 
-- Equation name is 'out8', type is output 
out8     =  _LC2_C17;

-- Node name is 'out9~1' 
-- Equation name is 'out9~1', location is LC3_A13, type is buried.
-- synthesized logic cell 
_LC3_A13 = LCELL( i9);

-- Node name is 'out9' 
-- Equation name is 'out9', type is output 
out9     =  _LC3_A13;

-- Node name is 'out10~1' 
-- Equation name is 'out10~1', location is LC8_B10, type is buried.
-- synthesized logic cell 
_LC8_B10 = LCELL( i10);

-- Node name is 'out10' 
-- Equation name is 'out10', type is output 
out10    =  _LC8_B10;

-- Node name is 'out11~1' 
-- Equation name is 'out11~1', location is LC1_C20, type is buried.
-- synthesized logic cell 
_LC1_C20 = LCELL( i11);

-- Node name is 'out11' 
-- Equation name is 'out11', type is output 
out11    =  _LC1_C20;



Project Information                     d:\_project max pluss\compressor12.rpt

** COMPILATION SETTINGS & TIMES **

Processing Menu Commands
------------------------

Design Doctor                             = off

Logic Synthesis:

   Synthesis Type Used                    = Multi-Level

   Default Synthesis Style                = NORMAL

      Logic option settings in 'NORMAL' style for 'ACEX1K' family

      CARRY_CHAIN                         = ignore
      CARRY_CHAIN_LENGTH                  = 32
      CASCADE_CHAIN                       = ignore
      CASCADE_CHAIN_LENGTH                = 2
      DECOMPOSE_GATES                     = on
      DUPLICATE_LOGIC_EXTRACTION          = on
      MINIMIZATION                        = full
      MULTI_LEVEL_FACTORING               = on
      NOT_GATE_PUSH_BACK                  = on
      REDUCE_LOGIC                        = on
      REFACTORIZATION                     = on
      REGISTER_OPTIMIZATION               = on
      RESYNTHESIZE_NETWORK                = on
      SLOW_SLEW_RATE                      = off
      SUBFACTOR_EXTRACTION                = on
      IGNORE_SOFT_BUFFERS                 = on
      USE_LPM_FOR_AHDL_OPERATORS          = off

   Other logic synthesis settings:

      Automatic Global Clock              = on
      Automatic Global Clear              = on
      Automatic Global Preset             = on
      Automatic Global Output Enable      = on
      Automatic Fast I/O                  = off
      Automatic Register Packing          = off
      Automatic Open-Drain Pins           = on
      Automatic Implement in EAB          = off
      Optimize                            = 5

Default Timing Specifications: None

Cut All Bidir Feedback Timing Paths       = on
Cut All Clear & Preset Timing Paths       = on

Ignore Timing Assignments                 = off

Functional SNF Extractor                  = off

Linked SNF Extractor                      = off
Timing SNF Extractor                      = on
Optimize Timing SNF                       = off
Generate AHDL TDO File                    = off
Fitter Settings                           = NORMAL
Use Quartus Fitter                        = on
Smart Recompile                           = off
Total Recompile                           = off

Interfaces Menu Commands
------------------------

EDIF Netlist Writer                       = off
Verilog Netlist Writer                    = off
VHDL Netlist Writer                       = off

Compilation Times
-----------------

   Compiler Netlist Extractor             00:00:00
   Database Builder                       00:00:00
   Logic Synthesizer                      00:00:00
   Partitioner                            00:00:00
   Fitter                                 00:00:00
   Timing SNF Extractor                   00:00:00
   Assembler                              00:00:00
   --------------------------             --------
   Total Time                             00:00:00


Memory Allocated
-----------------

Peak memory allocated during compilation  = 16,533K
