Project Information                      d:\_project max pluss\controlunit.rpt

MAX+plus II Compiler Report File
Version 10.2 07/10/2002
Compiled: 01/25/2023 01:48:03

Copyright (C) 1988-2002 Altera Corporation
Any megafunction design, and related net list (encrypted or decrypted),
support information, device programming or simulation file, and any other
associated documentation or information provided by Altera or a partner
under Altera's Megafunction Partnership Program may be used only to
program PLD devices (but not masked PLD devices) from Altera.  Any other
use of such megafunction design, net list, support information, device
programming or simulation file, or any other related documentation or
information is prohibited for any other purpose, including, but not
limited to modification, reverse engineering, de-compiling, or use with
any other silicon devices, unless such use is explicitly licensed under
a separate agreement with Altera or a megafunction partner.  Title to
the intellectual property, including patents, copyrights, trademarks,
trade secrets, or maskworks, embodied in any such megafunction design,
net list, support information, device programming or simulation file, or
any other related documentation or information provided by Altera or a
megafunction partner, remains with Altera, the megafunction partner, or
their respective licensors.  No other licenses, including any licenses
needed under any third party's intellectual property, are provided herein.



***** Project compilation was successful




** DEVICE SUMMARY **

Chip/                     Input Output Bidir  Memory  Memory  			 LCs
POF       Device          Pins  Pins   Pins   Bits % Utilized  LCs  % Utilized

controlunit
      EP1K10TC100-1        1      37     0    0         0  %    20       3  %

User Pins:                 1      37     0  



Project Information                      d:\_project max pluss\controlunit.rpt

** PROJECT COMPILATION MESSAGES **

Warning: Flipflop '|ir:122|4bitregister:40|D:52|lpm_ff:lpm_ff_component|dffs0' stuck at GND
Warning: Flipflop '|ir:122|4bitregister:40|D:51|lpm_ff:lpm_ff_component|dffs0' stuck at GND
Warning: Flipflop '|ir:122|4bitregister:40|D:50|lpm_ff:lpm_ff_component|dffs0' stuck at GND
Warning: Flipflop '|ir:122|4bitregister:37|D:50|lpm_ff:lpm_ff_component|dffs0' stuck at GND
Warning: Flipflop '|ir:122|4bitregister:37|D:51|lpm_ff:lpm_ff_component|dffs0' stuck at GND
Warning: Flipflop '|ir:122|4bitregister:37|D:52|lpm_ff:lpm_ff_component|dffs0' stuck at GND
Warning: Flipflop '|ir:122|4bitregister:37|D:53|lpm_ff:lpm_ff_component|dffs0' stuck at GND
Warning: Flipflop '|ir:122|4bitregister:38|D:50|lpm_ff:lpm_ff_component|dffs0' stuck at GND
Warning: Flipflop '|ir:122|4bitregister:38|D:51|lpm_ff:lpm_ff_component|dffs0' stuck at GND
Warning: Flipflop '|ir:122|4bitregister:38|D:52|lpm_ff:lpm_ff_component|dffs0' stuck at GND
Warning: Flipflop '|ir:122|4bitregister:38|D:53|lpm_ff:lpm_ff_component|dffs0' stuck at GND
Warning: Flipflop '|ir:122|4bitregister:39|D:50|lpm_ff:lpm_ff_component|dffs0' stuck at GND
Warning: Flipflop '|ir:122|4bitregister:39|D:51|lpm_ff:lpm_ff_component|dffs0' stuck at GND
Warning: Flipflop '|ir:122|4bitregister:39|D:52|lpm_ff:lpm_ff_component|dffs0' stuck at GND
Warning: Flipflop '|ir:122|4bitregister:39|D:53|lpm_ff:lpm_ff_component|dffs0' stuck at GND
Warning: Flipflop '|ir:122|4bitregister:40|D:53|lpm_ff:lpm_ff_component|dffs0' stuck at GND


Project Information                      d:\_project max pluss\controlunit.rpt

** FILE HIERARCHY **



|counter4:7|
|counter4:7|lpm_counter:lpm_counter_component|
|counter4:7|lpm_counter:lpm_counter_component|lpm_add_sub:add_sub|
|counter4:7|lpm_counter:lpm_counter_component|lpm_add_sub:add_sub|addcore:adder|
|counter4:7|lpm_counter:lpm_counter_component|lpm_add_sub:add_sub|altshift:result_ext_latency_ffs|
|counter4:7|lpm_counter:lpm_counter_component|lpm_add_sub:add_sub|altshift:carry_ext_latency_ffs|
|counter4:7|lpm_counter:lpm_counter_component|lpm_add_sub:add_sub|altshift:oflow_ext_latency_ffs|
|counter4:7|lpm_counter:lpm_counter_component|lpm_constant:scdw|
|dec4x16:9|
|dec4x16:9|lpm_decode:lpm_decode_component|
|dec4x16:9|lpm_decode:lpm_decode_component|altshift:external_latency_ffs|
|dec4x16:9|lpm_decode:lpm_decode_component|declut:decoder0|
|dec4x16:9|lpm_decode:lpm_decode_component|declut:decoder1|
|zero:27|
|zero:27|lpm_constant:lpm_constant_component|
|zero:123|
|zero:123|lpm_constant:lpm_constant_component|
|zero:63|
|zero:63|lpm_constant:lpm_constant_component|
|dec3x8:31|
|dec3x8:31|lpm_decode:lpm_decode_component|
|dec3x8:31|lpm_decode:lpm_decode_component|altshift:external_latency_ffs|
|dec3x8:31|lpm_decode:lpm_decode_component|declut:decoder|
|compressor3:38|
|ir:122|
|ir:122|4bitregister:37|
|ir:122|4bitregister:37|ha:58|
|ir:122|4bitregister:37|ha:59|
|ir:122|4bitregister:37|ha:60|
|ir:122|4bitregister:37|ha:61|
|ir:122|4bitregister:37|mux2x1:54|
|ir:122|4bitregister:37|mux2x1:55|
|ir:122|4bitregister:37|mux2x1:56|
|ir:122|4bitregister:37|mux2x1:57|
|ir:122|4bitregister:37|d:50|
|ir:122|4bitregister:37|d:50|lpm_ff:lpm_ff_component|
|ir:122|4bitregister:37|d:51|
|ir:122|4bitregister:37|d:51|lpm_ff:lpm_ff_component|
|ir:122|4bitregister:37|d:52|
|ir:122|4bitregister:37|d:52|lpm_ff:lpm_ff_component|
|ir:122|4bitregister:37|d:53|
|ir:122|4bitregister:37|d:53|lpm_ff:lpm_ff_component|
|ir:122|4bitregister:38|
|ir:122|4bitregister:38|ha:58|
|ir:122|4bitregister:38|ha:59|
|ir:122|4bitregister:38|ha:60|
|ir:122|4bitregister:38|ha:61|
|ir:122|4bitregister:38|mux2x1:54|
|ir:122|4bitregister:38|mux2x1:55|
|ir:122|4bitregister:38|mux2x1:56|
|ir:122|4bitregister:38|mux2x1:57|
|ir:122|4bitregister:38|d:50|
|ir:122|4bitregister:38|d:50|lpm_ff:lpm_ff_component|
|ir:122|4bitregister:38|d:51|
|ir:122|4bitregister:38|d:51|lpm_ff:lpm_ff_component|
|ir:122|4bitregister:38|d:52|
|ir:122|4bitregister:38|d:52|lpm_ff:lpm_ff_component|
|ir:122|4bitregister:38|d:53|
|ir:122|4bitregister:38|d:53|lpm_ff:lpm_ff_component|
|ir:122|4bitregister:39|
|ir:122|4bitregister:39|ha:58|
|ir:122|4bitregister:39|ha:59|
|ir:122|4bitregister:39|ha:60|
|ir:122|4bitregister:39|ha:61|
|ir:122|4bitregister:39|mux2x1:54|
|ir:122|4bitregister:39|mux2x1:55|
|ir:122|4bitregister:39|mux2x1:56|
|ir:122|4bitregister:39|mux2x1:57|
|ir:122|4bitregister:39|d:50|
|ir:122|4bitregister:39|d:50|lpm_ff:lpm_ff_component|
|ir:122|4bitregister:39|d:51|
|ir:122|4bitregister:39|d:51|lpm_ff:lpm_ff_component|
|ir:122|4bitregister:39|d:52|
|ir:122|4bitregister:39|d:52|lpm_ff:lpm_ff_component|
|ir:122|4bitregister:39|d:53|
|ir:122|4bitregister:39|d:53|lpm_ff:lpm_ff_component|
|ir:122|4bitregister:40|
|ir:122|4bitregister:40|ha:58|
|ir:122|4bitregister:40|ha:59|
|ir:122|4bitregister:40|ha:60|
|ir:122|4bitregister:40|ha:61|
|ir:122|4bitregister:40|mux2x1:54|
|ir:122|4bitregister:40|mux2x1:55|
|ir:122|4bitregister:40|mux2x1:56|
|ir:122|4bitregister:40|mux2x1:57|
|ir:122|4bitregister:40|d:50|
|ir:122|4bitregister:40|d:50|lpm_ff:lpm_ff_component|
|ir:122|4bitregister:40|d:51|
|ir:122|4bitregister:40|d:51|lpm_ff:lpm_ff_component|
|ir:122|4bitregister:40|d:52|
|ir:122|4bitregister:40|d:52|lpm_ff:lpm_ff_component|
|ir:122|4bitregister:40|d:53|
|ir:122|4bitregister:40|d:53|lpm_ff:lpm_ff_component|
|ir:122|zero:41|
|ir:122|zero:41|lpm_constant:lpm_constant_component|


Device-Specific Information:             d:\_project max pluss\controlunit.rpt
controlunit

***** Logic for device 'controlunit' compiled without errors.




Device: EP1K10TC100-1

ACEX 1K Configuration Scheme: Passive Serial

Device Options:
    User-Supplied Start-Up Clock               = OFF
    Auto-Restart Configuration on Frame Error  = OFF
    Release Clears Before Tri-States           = OFF
    Enable Chip_Wide Reset                     = OFF
    Enable Chip-Wide Output Enable             = OFF
    Enable INIT_DONE Output                    = OFF
    JTAG User Code                             = 7f
    MultiVolt I/O                              = OFF
    Enable Lock Output                         = OFF

                                                                   
                                                                   
                        R   R R           R R   R   R     R        
                        E   E E           E E   E   E     E        
                        S   S S V         S S   S   S     S     ^  
                        E   E E C         E E   E V E     E     D  
                #       R   R R C         R R   R C R     R     A  
                T       V G V V I G G G G V V   V C V     V   b T  
                C b d b E N E E N N N N N E E t E I E b d E b 1 A  
                K 1 3 4 D D D D T D D D D D D 6 D O D 6 4 D 5 0 0  
              ----------------------------------------------------_ 
             / 100  98  96  94  92  90  88  86  84  82  80  78  76   |_ 
            /     99  97  95  93  91  89  87  85  83  81  79  77    | 
^CONF_DONE |  1                                                    75 | ^DCLK 
     ^nCEO |  2                                                    74 | ^nCE 
      #TDO |  3                                                    73 | #TDI 
     VCCIO |  4                                                    72 | VCCINT 
       t11 |  5                                                    71 | RESERVED 
        t2 |  6                                                    70 | t9 
       t13 |  7                                                    69 | t0 
       t12 |  8                                                    68 | t14 
        t5 |  9                                                    67 | VCCIO 
        t4 | 10                                                    66 | GND 
       GND | 11                                                    65 | b7 
    VCCINT | 12                                                    64 | RESERVED 
  RESERVED | 13                   EP1K10TC100-1                    63 | RESERVED 
       b11 | 14                                                    62 | t7 
        b0 | 15                                                    61 | d7 
        d0 | 16                                                    60 | VCCINT 
     VCCIO | 17                                                    59 | GND 
       GND | 18                                                    58 | d2 
  RESERVED | 19                                                    57 | RESERVED 
  RESERVED | 20                                                    56 | RESERVED 
       t10 | 21                                                    55 | b2 
  RESERVED | 22                                                    54 | ^MSEL0 
  RESERVED | 23                                                    53 | ^MSEL1 
      #TMS | 24                                                    52 | VCCINT 
  ^nSTATUS | 25                                                    51 | ^nCONFIG 
           |      27  29  31  33  35  37  39  41  43  45  47  49  _| 
            \   26  28  30  32  34  36  38  40  42  44  46  48  50   | 
             \----------------------------------------------------- 
                R b R d t d t t d V G V G c G G G b V I R b t R R  
                E 8 E 5 8 6 1 1 1 C N C N l N N N 3 C   E 9 3 E E  
                S   S         5   C D C D k D D D   C   S     S S  
                E   E             I   _       _     I   E     E E  
                R   R             N   C       C     O   R     R R  
                V   V             T   K       K         V     V V  
                E   E                 L       L         E     E E  
                D   D                 K       K         D     D D  
                                                                   
                                                                   


N.C. = No Connect. This pin has no internal connection to the device.
VCCINT = Dedicated power pin, which MUST be connected to VCC (2.5 volts).
VCCIO = Dedicated power pin, which MUST be connected to VCC (2.5 volts).
GND = Dedicated ground pin or unused dedicated input, which MUST be connected to GND.
RESERVED = Unused I/O pin, which MUST be left unconnected.

^ = Dedicated configuration pin.
+ = Reserved configuration pin, which is tri-stated during user mode.
* = Reserved configuration pin, which drives out in user mode.
PDn = Power Down pin. 
@ = Special-purpose pin. 
# = JTAG Boundary-Scan Testing/In-System Programming or Configuration Pin. The JTAG inputs TMS and TDI should be tied to VCC and TCK should be tied to GND when not in use.
& = JTAG pin used for I/O. When used as user I/O, JTAG pins must be kept stable before and during configuration.  JTAG pin stability prevents accidental loading of JTAG instructions.
$ = Pin has PCI I/O option enabled. Pin is neither '5.0 V'- nor '3.3 V'-tolerant. 


Device-Specific Information:             d:\_project max pluss\controlunit.rpt
controlunit

** RESOURCE USAGE **

Logic                Column       Row                                   
Array                Interconnect Interconnect         Clears/     External  
Block   Logic Cells  Driven       Driven       Clocks  Presets   Interconnect
A7       8/ 8(100%)   4/ 8( 50%)   4/ 8( 50%)    1/2    0/2       3/22( 13%)   
A16      8/ 8(100%)   2/ 8( 25%)   6/ 8( 75%)    1/2    0/2       3/22( 13%)   
A17      4/ 8( 50%)   1/ 8( 12%)   3/ 8( 37%)    1/2    0/2       2/22(  9%)   


Embedded             Column       Row                                   
Array     Embedded   Interconnect Interconnect         Read/      External  
Block     Cells      Driven       Driven       Clocks  Write    Interconnect


Total dedicated input pins used:                 1/6      ( 16%)
Total I/O pins used:                            37/60     ( 61%)
Total logic cells used:                         20/576    (  3%)
Total embedded cells used:                       0/48     (  0%)
Total EABs used:                                 0/3      (  0%)
Average fan-in:                                 3.70/4    ( 92%)
Total fan-in:                                  74/2304    (  3%)

Total input pins required:                       1
Total input I/O cell registers required:         0
Total output pins required:                     37
Total output I/O cell registers required:        0
Total buried I/O cell registers required:        0
Total bidirectional pins required:               0
Total reserved pins required                     0
Total logic cells required:                     20
Total flipflops required:                        4
Total packed registers required:                 0
Total logic cells in carry chains:               0
Total number of carry chains:                    0
Total logic cells in cascade chains:             0
Total number of cascade chains:                  0
Total single-pin Clock Enables required:         0
Total single-pin Output Enables required:        0

Synthesized logic cells:                         0/ 576   (  0%)

Logic Cell and Embedded Cell Counts

Column:  01  02  03  04  05  06  07  08  09  10  11  12  EA  13  14  15  16  17  18  19  20  21  22  23  24  Total(LC/EC)
 A:      0   0   0   0   0   0   8   0   0   0   0   0   0   0   0   0   8   4   0   0   0   0   0   0   0     20/0  
 B:      0   0   0   0   0   0   0   0   0   0   0   0   0   0   0   0   0   0   0   0   0   0   0   0   0      0/0  
 C:      0   0   0   0   0   0   0   0   0   0   0   0   0   0   0   0   0   0   0   0   0   0   0   0   0      0/0  

Total:   0   0   0   0   0   0   8   0   0   0   0   0   0   0   0   0   8   4   0   0   0   0   0   0   0     20/0  



Device-Specific Information:             d:\_project max pluss\controlunit.rpt
controlunit

** INPUTS **

                                                    Fan-In    Fan-Out
 Pin     LC     EC   Row  Col  Primitive    Code      INP  FBK  OUT  FBK  Name
  39      -     -    -    --      INPUT  G          ^    0    0    0    0  clk


Code:

s = Synthesized pin or logic cell
+ = Synchronous flipflop
/ = Slow slew-rate output
! = NOT gate push-back
r = Fitter-inserted logic cell
^ = Increased input delay
* = PCI I/O is enabled
@ = Uses single-pin Clock Enable
& = Uses single-pin Output Enable
G = Global Source. Fan-out destinations counted here do not include destinations
that are driven using global routing resources. Refer to the Auto Global Signals,
Clock Signals, Clear Signals, Synchronous Load Signals, and Synchronous Clear Signals
Sections of this Report File for information on which signals' fan-outs are used as
Clock, Clear, Preset, Output Enable, and synchronous Load signals.


Device-Specific Information:             d:\_project max pluss\controlunit.rpt
controlunit

** OUTPUTS **

       Fed By Fed By                                Fan-In    Fan-Out
 Pin     LC     EC   Row  Col  Primitive    Code      INP  FBK  OUT  FBK  Name
  15      -     -    B    --     OUTPUT                 0    0    0    0  b0
  99      -     -    -    24     OUTPUT                 0    0    0    0  b1
  55      -     -    C    --     OUTPUT                 0    0    0    0  b2
  43      -     -    -    12     OUTPUT                 0    0    0    0  b3
  97      -     -    -    23     OUTPUT                 0    0    0    0  b4
  78      -     -    -    01     OUTPUT                 0    0    0    0  b5
  81      -     -    -    03     OUTPUT                 0    0    0    0  b6
  65      -     -    B    --     OUTPUT                 0    0    0    0  b7
  27      -     -    -    21     OUTPUT                 0    0    0    0  b8
  47      -     -    -    09     OUTPUT                 0    0    0    0  b9
  77      -     -    -    01     OUTPUT                 0    0    0    0  b10
  14      -     -    B    --     OUTPUT                 0    0    0    0  b11
  16      -     -    B    --     OUTPUT                 0    0    0    0  d0
  34      -     -    -    14     OUTPUT                 0    0    0    0  d1
  58      -     -    C    --     OUTPUT                 0    0    0    0  d2
  98      -     -    -    24     OUTPUT                 0    0    0    0  d3
  80      -     -    -    03     OUTPUT                 0    0    0    0  d4
  29      -     -    -    19     OUTPUT                 0    0    0    0  d5
  31      -     -    -    17     OUTPUT                 0    0    0    0  d6
  61      -     -    B    --     OUTPUT                 0    0    0    0  d7
  45      -     -    -    11     OUTPUT                 0    0    0    0  I
  69      -     -    A    --     OUTPUT                 0    1    0    0  t0
  32      -     -    -    16     OUTPUT                 0    1    0    0  t1
   6      -     -    A    --     OUTPUT                 0    1    0    0  t2
  48      -     -    -    07     OUTPUT                 0    1    0    0  t3
  10      -     -    A    --     OUTPUT                 0    1    0    0  t4
   9      -     -    A    --     OUTPUT                 0    1    0    0  t5
  85      -     -    -    08     OUTPUT                 0    1    0    0  t6
  62      -     -    B    --     OUTPUT                 0    1    0    0  t7
  30      -     -    -    18     OUTPUT                 0    1    0    0  t8
  70      -     -    A    --     OUTPUT                 0    1    0    0  t9
  21      -     -    C    --     OUTPUT                 0    1    0    0  t10
   5      -     -    A    --     OUTPUT                 0    1    0    0  t11
   8      -     -    A    --     OUTPUT                 0    1    0    0  t12
   7      -     -    A    --     OUTPUT                 0    1    0    0  t13
  68      -     -    A    --     OUTPUT                 0    1    0    0  t14
  33      -     -    -    15     OUTPUT                 0    1    0    0  t15


Code:

s = Synthesized pin or logic cell
+ = Synchronous flipflop
/ = Slow slew-rate output
! = NOT gate push-back
r = Fitter-inserted logic cell
^ = Increased input delay
* = PCI I/O is enabled
@ = Uses single-pin Clock Enable
& = Uses single-pin Output Enable


Device-Specific Information:             d:\_project max pluss\controlunit.rpt
controlunit

** BURIED LOGIC **

                                                    Fan-In    Fan-Out
 IOC     LC     EC   Row  Col  Primitive    Code      INP  FBK  OUT  FBK  Name
   -      5     -    A    17       DFFE   +            0    0    0   19  |Counter4:7|lpm_counter:lpm_counter_component|dffs0
   -      4     -    A    16       DFFE   +            0    1    0   18  |Counter4:7|lpm_counter:lpm_counter_component|dffs1
   -      1     -    A    17       DFFE   +            0    2    0   17  |Counter4:7|lpm_counter:lpm_counter_component|dffs2
   -      2     -    A    07       DFFE   +            0    3    0   16  |Counter4:7|lpm_counter:lpm_counter_component|dffs3
   -      5     -    A    07       AND2                0    4    1    0  |Dec4x16:9|lpm_decode:lpm_decode_component|declut:decoder0|anode0_3
   -      7     -    A    16       AND2                0    4    1    0  |Dec4x16:9|lpm_decode:lpm_decode_component|declut:decoder0|anode1_3
   -      2     -    A    17       AND2                0    4    1    0  |Dec4x16:9|lpm_decode:lpm_decode_component|declut:decoder0|anode2_3
   -      8     -    A    07       AND2                0    4    1    0  |Dec4x16:9|lpm_decode:lpm_decode_component|declut:decoder0|anode3_3
   -      8     -    A    16       AND2                0    4    1    0  |Dec4x16:9|lpm_decode:lpm_decode_component|declut:decoder0|anode4_3
   -      6     -    A    16       AND2                0    4    1    0  |Dec4x16:9|lpm_decode:lpm_decode_component|declut:decoder0|anode5_3
   -      1     -    A    07       AND2                0    4    1    0  |Dec4x16:9|lpm_decode:lpm_decode_component|declut:decoder0|anode6_3
   -      6     -    A    07       AND2                0    4    1    0  |Dec4x16:9|lpm_decode:lpm_decode_component|declut:decoder0|anode7_3
   -      3     -    A    17       AND2                0    4    1    0  |Dec4x16:9|lpm_decode:lpm_decode_component|declut:decoder1|anode0_3
   -      3     -    A    07       AND2                0    4    1    0  |Dec4x16:9|lpm_decode:lpm_decode_component|declut:decoder1|anode1_3
   -      4     -    A    07       AND2                0    4    1    0  |Dec4x16:9|lpm_decode:lpm_decode_component|declut:decoder1|anode2_3
   -      1     -    A    16       AND2                0    4    1    0  |Dec4x16:9|lpm_decode:lpm_decode_component|declut:decoder1|anode3_3
   -      5     -    A    16       AND2                0    4    1    0  |Dec4x16:9|lpm_decode:lpm_decode_component|declut:decoder1|anode4_3
   -      3     -    A    16       AND2                0    4    1    0  |Dec4x16:9|lpm_decode:lpm_decode_component|declut:decoder1|anode5_3
   -      7     -    A    07       AND2                0    4    1    0  |Dec4x16:9|lpm_decode:lpm_decode_component|declut:decoder1|anode6_3
   -      2     -    A    16       AND2                0    4    1    0  |Dec4x16:9|lpm_decode:lpm_decode_component|declut:decoder1|anode7_3


Code:

s = Synthesized pin or logic cell
+ = Synchronous flipflop
/ = Slow slew-rate output
! = NOT gate push-back
r = Fitter-inserted logic cell
^ = Increased input delay
* = PCI I/O is enabled
p = Packed register


Device-Specific Information:             d:\_project max pluss\controlunit.rpt
controlunit

** FASTTRACK INTERCONNECT UTILIZATION **

Row FastTrack Interconnect:

          Global         Left Half-      Right Half-
         FastTrack       FastTrack       FastTrack 
Row     Interconnect    Interconnect    Interconnect    Input Pins     Output Pins     Bidir Pins
A:       6/ 96(  6%)     2/ 48(  4%)     5/ 48( 10%)    0/16(  0%)      9/16( 56%)     0/16(  0%)
B:       0/ 96(  0%)     1/ 48(  2%)     0/ 48(  0%)    0/16(  0%)      6/16( 37%)     0/16(  0%)
C:       1/ 96(  1%)     0/ 48(  0%)     0/ 48(  0%)    0/16(  0%)      3/16( 18%)     0/16(  0%)


Column FastTrack Interconnect:

         FastTrack                                 
Column  Interconnect    Input Pins     Output Pins     Bidir Pins
01:      0/24(  0%)     0/4(  0%)      2/4( 50%)       0/4(  0%)
02:      0/24(  0%)     0/4(  0%)      0/4(  0%)       0/4(  0%)
03:      0/24(  0%)     0/4(  0%)      2/4( 50%)       0/4(  0%)
04:      0/24(  0%)     0/4(  0%)      0/4(  0%)       0/4(  0%)
05:      0/24(  0%)     0/4(  0%)      0/4(  0%)       0/4(  0%)
06:      0/24(  0%)     0/4(  0%)      0/4(  0%)       0/4(  0%)
07:      1/24(  4%)     0/4(  0%)      1/4( 25%)       0/4(  0%)
08:      3/24( 12%)     0/4(  0%)      1/4( 25%)       0/4(  0%)
09:      0/24(  0%)     0/4(  0%)      1/4( 25%)       0/4(  0%)
10:      0/24(  0%)     0/4(  0%)      0/4(  0%)       0/4(  0%)
11:      0/24(  0%)     0/4(  0%)      1/4( 25%)       0/4(  0%)
12:      0/24(  0%)     0/4(  0%)      1/4( 25%)       0/4(  0%)
13:      0/24(  0%)     0/4(  0%)      0/4(  0%)       0/4(  0%)
14:      0/24(  0%)     0/4(  0%)      1/4( 25%)       0/4(  0%)
15:      1/24(  4%)     0/4(  0%)      1/4( 25%)       0/4(  0%)
16:      1/24(  4%)     0/4(  0%)      1/4( 25%)       0/4(  0%)
17:      0/24(  0%)     0/4(  0%)      1/4( 25%)       0/4(  0%)
18:      1/24(  4%)     0/4(  0%)      1/4( 25%)       0/4(  0%)
19:      0/24(  0%)     0/4(  0%)      1/4( 25%)       0/4(  0%)
20:      0/24(  0%)     0/4(  0%)      0/4(  0%)       0/4(  0%)
21:      0/24(  0%)     0/4(  0%)      1/4( 25%)       0/4(  0%)
22:      0/24(  0%)     0/4(  0%)      0/4(  0%)       0/4(  0%)
23:      0/24(  0%)     0/4(  0%)      1/4( 25%)       0/4(  0%)
24:      0/24(  0%)     0/4(  0%)      2/4( 50%)       0/4(  0%)
EA:      0/24(  0%)     0/4(  0%)      0/4(  0%)       0/4(  0%)


Device-Specific Information:             d:\_project max pluss\controlunit.rpt
controlunit

** CLOCK SIGNALS **

Type     Fan-out       Name
INPUT        4         clk


Device-Specific Information:             d:\_project max pluss\controlunit.rpt
controlunit

** EQUATIONS **

clk      : INPUT;

-- Node name is 'b0' 
-- Equation name is 'b0', type is output 
b0       =  GND;

-- Node name is 'b1' 
-- Equation name is 'b1', type is output 
b1       =  GND;

-- Node name is 'b2' 
-- Equation name is 'b2', type is output 
b2       =  GND;

-- Node name is 'b3' 
-- Equation name is 'b3', type is output 
b3       =  GND;

-- Node name is 'b4' 
-- Equation name is 'b4', type is output 
b4       =  GND;

-- Node name is 'b5' 
-- Equation name is 'b5', type is output 
b5       =  GND;

-- Node name is 'b6' 
-- Equation name is 'b6', type is output 
b6       =  GND;

-- Node name is 'b7' 
-- Equation name is 'b7', type is output 
b7       =  GND;

-- Node name is 'b8' 
-- Equation name is 'b8', type is output 
b8       =  GND;

-- Node name is 'b9' 
-- Equation name is 'b9', type is output 
b9       =  GND;

-- Node name is 'b10' 
-- Equation name is 'b10', type is output 
b10      =  GND;

-- Node name is 'b11' 
-- Equation name is 'b11', type is output 
b11      =  GND;

-- Node name is 'd0' 
-- Equation name is 'd0', type is output 
d0       =  VCC;

-- Node name is 'd1' 
-- Equation name is 'd1', type is output 
d1       =  GND;

-- Node name is 'd2' 
-- Equation name is 'd2', type is output 
d2       =  GND;

-- Node name is 'd3' 
-- Equation name is 'd3', type is output 
d3       =  GND;

-- Node name is 'd4' 
-- Equation name is 'd4', type is output 
d4       =  GND;

-- Node name is 'd5' 
-- Equation name is 'd5', type is output 
d5       =  GND;

-- Node name is 'd6' 
-- Equation name is 'd6', type is output 
d6       =  GND;

-- Node name is 'd7' 
-- Equation name is 'd7', type is output 
d7       =  GND;

-- Node name is 'I' 
-- Equation name is 'I', type is output 
I        =  GND;

-- Node name is 't0' 
-- Equation name is 't0', type is output 
t0       =  _LC5_A7;

-- Node name is 't1' 
-- Equation name is 't1', type is output 
t1       =  _LC7_A16;

-- Node name is 't2' 
-- Equation name is 't2', type is output 
t2       =  _LC2_A17;

-- Node name is 't3' 
-- Equation name is 't3', type is output 
t3       =  _LC8_A7;

-- Node name is 't4' 
-- Equation name is 't4', type is output 
t4       =  _LC8_A16;

-- Node name is 't5' 
-- Equation name is 't5', type is output 
t5       =  _LC6_A16;

-- Node name is 't6' 
-- Equation name is 't6', type is output 
t6       =  _LC1_A7;

-- Node name is 't7' 
-- Equation name is 't7', type is output 
t7       =  _LC6_A7;

-- Node name is 't8' 
-- Equation name is 't8', type is output 
t8       =  _LC3_A17;

-- Node name is 't9' 
-- Equation name is 't9', type is output 
t9       =  _LC3_A7;

-- Node name is 't10' 
-- Equation name is 't10', type is output 
t10      =  _LC4_A7;

-- Node name is 't11' 
-- Equation name is 't11', type is output 
t11      =  _LC1_A16;

-- Node name is 't12' 
-- Equation name is 't12', type is output 
t12      =  _LC5_A16;

-- Node name is 't13' 
-- Equation name is 't13', type is output 
t13      =  _LC3_A16;

-- Node name is 't14' 
-- Equation name is 't14', type is output 
t14      =  _LC7_A7;

-- Node name is 't15' 
-- Equation name is 't15', type is output 
t15      =  _LC2_A16;

-- Node name is '|Counter4:7|lpm_counter:lpm_counter_component|dffs0' from file "lpm_counter.tdf" line 234, column 10
-- Equation name is '_LC5_A17', type is buried 
_LC5_A17 = DFFE(!_LC5_A17, GLOBAL( clk),  VCC,  VCC,  VCC);

-- Node name is '|Counter4:7|lpm_counter:lpm_counter_component|dffs1' from file "lpm_counter.tdf" line 234, column 10
-- Equation name is '_LC4_A16', type is buried 
_LC4_A16 = DFFE( _EQ001, GLOBAL( clk),  VCC,  VCC,  VCC);
  _EQ001 = !_LC4_A16 &  _LC5_A17
         #  _LC4_A16 & !_LC5_A17;

-- Node name is '|Counter4:7|lpm_counter:lpm_counter_component|dffs2' from file "lpm_counter.tdf" line 234, column 10
-- Equation name is '_LC1_A17', type is buried 
_LC1_A17 = DFFE( _EQ002, GLOBAL( clk),  VCC,  VCC,  VCC);
  _EQ002 =  _LC1_A17 & !_LC5_A17
         #  _LC1_A17 & !_LC4_A16
         # !_LC1_A17 &  _LC4_A16 &  _LC5_A17;

-- Node name is '|Counter4:7|lpm_counter:lpm_counter_component|dffs3' from file "lpm_counter.tdf" line 234, column 10
-- Equation name is '_LC2_A7', type is buried 
_LC2_A7  = DFFE( _EQ003, GLOBAL( clk),  VCC,  VCC,  VCC);
  _EQ003 =  _LC2_A7 & !_LC5_A17
         #  _LC2_A7 & !_LC4_A16
         # !_LC1_A17 &  _LC2_A7
         #  _LC1_A17 & !_LC2_A7 &  _LC4_A16 &  _LC5_A17;

-- Node name is '|Dec4x16:9|lpm_decode:lpm_decode_component|declut:decoder0|anode0_3' from file "declut.tdf" line 79, column 52
-- Equation name is '_LC5_A7', type is buried 
_LC5_A7  = LCELL( _EQ004);
  _EQ004 = !_LC1_A17 & !_LC2_A7 & !_LC4_A16 & !_LC5_A17;

-- Node name is '|Dec4x16:9|lpm_decode:lpm_decode_component|declut:decoder0|anode1_3' from file "declut.tdf" line 79, column 52
-- Equation name is '_LC7_A16', type is buried 
_LC7_A16 = LCELL( _EQ005);
  _EQ005 = !_LC1_A17 & !_LC2_A7 & !_LC4_A16 &  _LC5_A17;

-- Node name is '|Dec4x16:9|lpm_decode:lpm_decode_component|declut:decoder0|anode2_3' from file "declut.tdf" line 79, column 52
-- Equation name is '_LC2_A17', type is buried 
_LC2_A17 = LCELL( _EQ006);
  _EQ006 = !_LC1_A17 & !_LC2_A7 &  _LC4_A16 & !_LC5_A17;

-- Node name is '|Dec4x16:9|lpm_decode:lpm_decode_component|declut:decoder0|anode3_3' from file "declut.tdf" line 79, column 52
-- Equation name is '_LC8_A7', type is buried 
_LC8_A7  = LCELL( _EQ007);
  _EQ007 = !_LC1_A17 & !_LC2_A7 &  _LC4_A16 &  _LC5_A17;

-- Node name is '|Dec4x16:9|lpm_decode:lpm_decode_component|declut:decoder0|anode4_3' from file "declut.tdf" line 81, column 52
-- Equation name is '_LC8_A16', type is buried 
_LC8_A16 = LCELL( _EQ008);
  _EQ008 =  _LC1_A17 & !_LC2_A7 & !_LC4_A16 & !_LC5_A17;

-- Node name is '|Dec4x16:9|lpm_decode:lpm_decode_component|declut:decoder0|anode5_3' from file "declut.tdf" line 81, column 52
-- Equation name is '_LC6_A16', type is buried 
_LC6_A16 = LCELL( _EQ009);
  _EQ009 =  _LC1_A17 & !_LC2_A7 & !_LC4_A16 &  _LC5_A17;

-- Node name is '|Dec4x16:9|lpm_decode:lpm_decode_component|declut:decoder0|anode6_3' from file "declut.tdf" line 81, column 52
-- Equation name is '_LC1_A7', type is buried 
_LC1_A7  = LCELL( _EQ010);
  _EQ010 =  _LC1_A17 & !_LC2_A7 &  _LC4_A16 & !_LC5_A17;

-- Node name is '|Dec4x16:9|lpm_decode:lpm_decode_component|declut:decoder0|anode7_3' from file "declut.tdf" line 81, column 52
-- Equation name is '_LC6_A7', type is buried 
_LC6_A7  = LCELL( _EQ011);
  _EQ011 =  _LC1_A17 & !_LC2_A7 &  _LC4_A16 &  _LC5_A17;

-- Node name is '|Dec4x16:9|lpm_decode:lpm_decode_component|declut:decoder1|anode0_3' from file "declut.tdf" line 79, column 52
-- Equation name is '_LC3_A17', type is buried 
_LC3_A17 = LCELL( _EQ012);
  _EQ012 = !_LC1_A17 &  _LC2_A7 & !_LC4_A16 & !_LC5_A17;

-- Node name is '|Dec4x16:9|lpm_decode:lpm_decode_component|declut:decoder1|anode1_3' from file "declut.tdf" line 79, column 52
-- Equation name is '_LC3_A7', type is buried 
_LC3_A7  = LCELL( _EQ013);
  _EQ013 = !_LC1_A17 &  _LC2_A7 & !_LC4_A16 &  _LC5_A17;

-- Node name is '|Dec4x16:9|lpm_decode:lpm_decode_component|declut:decoder1|anode2_3' from file "declut.tdf" line 79, column 52
-- Equation name is '_LC4_A7', type is buried 
_LC4_A7  = LCELL( _EQ014);
  _EQ014 = !_LC1_A17 &  _LC2_A7 &  _LC4_A16 & !_LC5_A17;

-- Node name is '|Dec4x16:9|lpm_decode:lpm_decode_component|declut:decoder1|anode3_3' from file "declut.tdf" line 79, column 52
-- Equation name is '_LC1_A16', type is buried 
_LC1_A16 = LCELL( _EQ015);
  _EQ015 = !_LC1_A17 &  _LC2_A7 &  _LC4_A16 &  _LC5_A17;

-- Node name is '|Dec4x16:9|lpm_decode:lpm_decode_component|declut:decoder1|anode4_3' from file "declut.tdf" line 81, column 52
-- Equation name is '_LC5_A16', type is buried 
_LC5_A16 = LCELL( _EQ016);
  _EQ016 =  _LC1_A17 &  _LC2_A7 & !_LC4_A16 & !_LC5_A17;

-- Node name is '|Dec4x16:9|lpm_decode:lpm_decode_component|declut:decoder1|anode5_3' from file "declut.tdf" line 81, column 52
-- Equation name is '_LC3_A16', type is buried 
_LC3_A16 = LCELL( _EQ017);
  _EQ017 =  _LC1_A17 &  _LC2_A7 & !_LC4_A16 &  _LC5_A17;

-- Node name is '|Dec4x16:9|lpm_decode:lpm_decode_component|declut:decoder1|anode6_3' from file "declut.tdf" line 81, column 52
-- Equation name is '_LC7_A7', type is buried 
_LC7_A7  = LCELL( _EQ018);
  _EQ018 =  _LC1_A17 &  _LC2_A7 &  _LC4_A16 & !_LC5_A17;

-- Node name is '|Dec4x16:9|lpm_decode:lpm_decode_component|declut:decoder1|anode7_3' from file "declut.tdf" line 81, column 52
-- Equation name is '_LC2_A16', type is buried 
_LC2_A16 = LCELL( _EQ019);
  _EQ019 =  _LC1_A17 &  _LC2_A7 &  _LC4_A16 &  _LC5_A17;



Project Information                      d:\_project max pluss\controlunit.rpt

** COMPILATION SETTINGS & TIMES **

Processing Menu Commands
------------------------

Design Doctor                             = off

Logic Synthesis:

   Synthesis Type Used                    = Multi-Level

   Default Synthesis Style                = NORMAL

      Logic option settings in 'NORMAL' style for 'ACEX1K' family

      CARRY_CHAIN                         = ignore
      CARRY_CHAIN_LENGTH                  = 32
      CASCADE_CHAIN                       = ignore
      CASCADE_CHAIN_LENGTH                = 2
      DECOMPOSE_GATES                     = on
      DUPLICATE_LOGIC_EXTRACTION          = on
      MINIMIZATION                        = full
      MULTI_LEVEL_FACTORING               = on
      NOT_GATE_PUSH_BACK                  = on
      REDUCE_LOGIC                        = on
      REFACTORIZATION                     = on
      REGISTER_OPTIMIZATION               = on
      RESYNTHESIZE_NETWORK                = on
      SLOW_SLEW_RATE                      = off
      SUBFACTOR_EXTRACTION                = on
      IGNORE_SOFT_BUFFERS                 = on
      USE_LPM_FOR_AHDL_OPERATORS          = off

   Other logic synthesis settings:

      Automatic Global Clock              = on
      Automatic Global Clear              = on
      Automatic Global Preset             = on
      Automatic Global Output Enable      = on
      Automatic Fast I/O                  = off
      Automatic Register Packing          = off
      Automatic Open-Drain Pins           = on
      Automatic Implement in EAB          = off
      Optimize                            = 5

Default Timing Specifications: None

Cut All Bidir Feedback Timing Paths       = on
Cut All Clear & Preset Timing Paths       = on

Ignore Timing Assignments                 = off

Functional SNF Extractor                  = off

Linked SNF Extractor                      = off
Timing SNF Extractor                      = on
Optimize Timing SNF                       = off
Generate AHDL TDO File                    = off
Fitter Settings                           = NORMAL
Use Quartus Fitter                        = on
Smart Recompile                           = off
Total Recompile                           = off

Interfaces Menu Commands
------------------------

EDIF Netlist Writer                       = off
Verilog Netlist Writer                    = off
VHDL Netlist Writer                       = off

Compilation Times
-----------------

   Compiler Netlist Extractor             00:00:00
   Database Builder                       00:00:00
   Logic Synthesizer                      00:00:00
   Partitioner                            00:00:00
   Fitter                                 00:00:02
   Timing SNF Extractor                   00:00:00
   Assembler                              00:00:00
   --------------------------             --------
   Total Time                             00:00:02


Memory Allocated
-----------------

Peak memory allocated during compilation  = 15,998K
